---
source: tests/demo_visual_comparison_snapshot.rs
expression: markdown
---
 DEV | FPS   0 | REDRAWS       1 | MOUSE    0,0    | q quit | ] TOC | wheel scroll | hover TOC | click TOC jump                             
╭Markdown──────────────────────────────────────────────────────────────────────────────────────────────────────────────────────────────────╮
│  1 │  󰲡 Title                                                                                                                            │
│  2 │                                                                                                                       ╭ TOC ─────╮  │
│  3 │   󰲣 API                                                                                                               │⠉⢙⣛⣛⣛⣛⣛⣛⣛⣛│  │
│  4 │                                                                                                                       │          │  │
│  5 │ Body text                                                                                                             ╰──────────╯  │
│  6 │                                                                                                                                     │
│  7 │   󰲣 Usage                                                                                                                           │
│  8 │                                                                                                                                     │
│  9 │ More text                                                                                                                           │
│                                                                                                                                          │
│                                                                                                                                          │
│                                                                                                                                          │
│                                                                                                                                          │
│                                                                                                                                          │
│ NORMAL                                                                                                                           11%/9 │
╰──────────────────────────────────────────────────────────────────────────────────────────────────────────────────────────────────────────╯
